Survex 1.2.37
Copyright (C) 1990-2018 Olly Betts
Survey has no control points. Therefore I've fixed psia.psia_pomiary_1987.0 at (0,0,0)

Removing trailing traverses...

Concatenating traverses...

Simplifying network...

Calculating network...

Calculating traverses...

Calculating trailing traverses...

Calculating statistics...

Survey contains 388 survey stations, joined by 387 shots.
There are 0 loops.
Total length of survey shots =  266.30m ( 266.30m adjusted)
Total plan length of survey shots =  217.88m
Total vertical length of survey shots =  115.00m
Vertical range = 39.36m (from psia.psia_pomiary_1987.0 at 0.00m to anonymous station at -39.36m)
North-South range = 47.53m (from psia.psia_pomiary_1987.0 at 0.00m to anonymous station at -47.53m)
East-West range = 91.87m (from anonymous station at 59.07m to psia.psia_pomiary_1987.18 at -32.80m)
 344 1-nodes.
  12 2-nodes.
   1 3-node.
   1 4-node.
   1 5-node.
   5 7-nodes.
   3 9-nodes.
   1 10-node.
   3 11-nodes.
   1 12-node.
   1 13-node.
   4 14-nodes.
   1 15-node.
   2 16-nodes.
   1 17-node.
   3 18-nodes.
   1 20-node.
   1 21-node.
   1 24-node.
   1 25-node.
CPU time used  0.06s
